20:11:29 | INFO     | root | 日志系统初始化完成: level=INFO, json=False
20:11:29 | INFO     | modules.task_manager | TaskManager 初始化完成: workers=4, queue_size=100
20:11:30 | WARNING  | modules.self_evolution | [self_evolution] 启动时检测到联动状态残留卡死（analysis_running=True 且 last_sync_ts 超时），已自动重置
20:11:30 | INFO     | modules.self_evolution | [self_evolution] _run 主循环开始（线程=Thread-1 (_run)）
20:11:30 | INFO     | modules.self_evolution | [self_evolution] 引擎已启动，后台线程 Thread-1 (_run) 开始执行
20:11:30 | INFO     | modules.self_evolution | [self_evolution] 检查点状态: 已加载=False, 当前阶段=collect, 检查点键=无
20:11:30 | INFO     | __main__ | [GUI] 自我进化引擎已初始化并启动，注册轮询定时器
20:11:30 | INFO     | modules.self_evolution | [self_evolution] 将从索引 0 继续（总阶段数=6）
20:11:30 | INFO     | modules.self_evolution | [self_evolution] >>> 进入阶段 0/5: collect
20:11:30 | INFO     | modules.self_evolution | [self_evolution] _phase_collect 开始
20:11:30 | INFO     | modules.database | MySQL连接池初始化成功 (min=2, max=10)
20:11:30 | INFO     | modules.self_evolution | [self_evolution] _phase_collect 完成: 样本量=1067 期, 最新期号=2026246
20:11:30 | INFO     | modules.self_evolution | [self_evolution] _phase_collect 结束
20:11:30 | INFO     | modules.self_evolution | [self_evolution] <<< 阶段 collect 执行完毕，检查点=['phase', 'latest_issue', 'history_count']
20:11:30 | INFO     | modules.self_evolution | [self_evolution] >>> 进入阶段 1/5: baseline
20:11:31 | INFO     | modules.self_evolution | [self_evolution] _phase_baseline 开始
20:11:31 | INFO     | modules.self_evolution | [self_evolution] _phase_baseline: 历史版本总数=90, active版本数=84
20:11:31 | INFO     | modules.self_evolution | [self_evolution] _phase_baseline 完成: 基线版本=evo-20260815-185331, Top1=None%, Top3=None%, Top5=None%
20:11:31 | INFO     | modules.self_evolution | [self_evolution] _phase_baseline 结束
20:11:31 | INFO     | modules.self_evolution | [self_evolution] <<< 阶段 baseline 执行完毕，检查点=['phase', 'latest_issue', 'history_count', 'baseline']
20:11:31 | INFO     | modules.self_evolution | [self_evolution] >>> 进入阶段 2/5: evolve
20:11:31 | INFO     | modules.self_evolution | [self_evolution] _phase_evolve 开始
20:11:31 | INFO     | modules.self_evolution | [self_evolution] ML 子进程池创建成功（max_workers=2, timeout=60s）
20:11:31 | INFO     | root | 日志系统初始化完成: level=INFO, json=False
20:11:31 | INFO     | root | 日志系统初始化完成: level=INFO, json=False
20:11:31 | INFO     | modules.predictor | 预测配置已加载: 启用8个算法, 总权重1.00
20:11:31 | INFO     | modules.predictor | 自适应权重: 回放 140 条权重历史产物完成
20:11:31 | INFO     | modules.predictor | AI模型配置加载成功: agnes-2.5-flash
20:11:31 | INFO     | modules.self_evolution | [self_evolution] 权重快照已采集: weights=None, lookback=None
20:11:31 | INFO     | modules.self_evolution | [self_evolution] 样本量=1067, auto=True, auto_full=True, eval_periods=15
20:11:31 | INFO     | modules.self_evolution | [self_evolution] 样本量充足，开始构造训练窗口（eval_periods=15）
20:11:31 | INFO     | modules.self_evolution | [self_evolution] 窗口构造完成: 有效窗口数=7, 总样本=1067, 有效样本=1067
20:11:31 | INFO     | modules.self_evolution | [self_evolution] 窗口构造完成: 有效窗口数=7, 数据质量={'total_rows': 1067, 'valid_rows': 1067, 'invalid_rows': 0}
20:11:31 | INFO     | modules.predictor | 预测配置已加载: 启用8个算法, 总权重1.00
20:11:31 | INFO     | modules.predictor | 自适应权重: 回放 140 条权重历史产物完成
20:11:31 | INFO     | modules.predictor | AI模型配置加载成功: agnes-2.5-flash
20:11:31 | INFO     | modules.self_evolution | [self_evolution] 当前统计权重: {'frequency_weighted': 0.68, 'omission_regression': 0.06, 'trend_momentum': 0.01, 'markov_transition': 0.005, 'pattern_continuation': 0.003, 'bayesian_inference': 0.1, 'feature_engineering': 0.002}
20:11:31 | INFO     | modules.predictor | 预测配置已加载: 启用8个算法, 总权重1.00
20:11:32 | INFO     | modules.predictor | 自适应权重: 回放 140 条权重历史产物完成
20:11:32 | INFO     | modules.predictor | AI模型配置加载成功: agnes-2.5-flash
20:11:32 | INFO     | modules.self_evolution | [self_evolution] 调优预测器构造成功，开始坐标下降搜索
20:11:32 | INFO     | modules.evolution_tuner | [DeepTuner] 开始调优: windows=7, base_lookback=60, max_rounds=6
20:11:32 | INFO     | modules.evolution_tuner | [DeepTuner] 当前权重: {'frequency_weighted': 0.7906976744186046, 'omission_regression': 0.0697674418604651, 'trend_momentum': 0.011627906976744184, 'markov_transition': 0.005813953488372092, 'pattern_continuation': 0.0034883720930232553, 'bayesian_inference': 0.11627906976744186, 'feature_engineering': 0.002325581395348837}
20:11:32 | INFO     | modules.predictor | 从 p5_prediction_record 加载 1006 条验证记录
20:11:32 | INFO     | modules.predictor | 贝叶斯推断算法执行完成: 使用60条验证记录, posterior_weight=0.92, beta_alpha=0.80
20:11:32 | INFO     | modules.predictor | 贝叶斯推断算法执行完成: 使用60条验证记录, posterior_weight=0.92, beta_alpha=0.80
20:11:32 | INFO     | modules.predictor | 贝叶斯推断算法执行完成: 使用60条验证记录, posterior_weight=0.92, beta_alpha=0.80
20:11:32 | INFO     | modules.predictor | 贝叶斯推断算法执行完成: 使用60条验证记录, posterior_weight=0.92, beta_alpha=0.80
20:11:32 | INFO     | modules.predictor | 贝叶斯推断算法执行完成: 使用60条验证记录, posterior_weight=0.92, beta_alpha=0.80
20:11:32 | INFO     | modules.predictor | 贝叶斯推断算法执行完成: 使用60条验证记录, posterior_weight=0.92, beta_alpha=0.80
20:11:32 | INFO     | modules.predictor | 贝叶斯推断算法执行完成: 使用60条验证记录, posterior_weight=0.92, beta_alpha=0.80
20:11:32 | INFO     | modules.evolution_tuner | [DeepTuner] 基线评估完成: {'tested': 7, 'top1': 8.571, 'top3': 31.429, 'top5': 60.0}
20:11:32 | INFO     | modules.evolution_tuner | [DeepTuner] 坐标下降完成: 候选=29, 最优指标={'tested': 7, 'top1': 8.571, 'top3': 34.286, 'top5': 57.143}
20:11:32 | INFO     | modules.evolution_tuner | [DeepTuner] 开始 lookback 搜索: 候选=[40, 60, 80]
20:11:32 | INFO     | modules.predictor | 贝叶斯推断算法执行完成: 使用60条验证记录, posterior_weight=0.92, beta_alpha=0.80
20:11:32 | INFO     | modules.predictor | 贝叶斯推断算法执行完成: 使用60条验证记录, posterior_weight=0.92, beta_alpha=0.80
20:11:32 | INFO     | modules.predictor | 贝叶斯推断算法执行完成: 使用60条验证记录, posterior_weight=0.92, beta_alpha=0.80
20:11:32 | INFO     | modules.predictor | 贝叶斯推断算法执行完成: 使用60条验证记录, posterior_weight=0.92, beta_alpha=0.80
20:11:32 | INFO     | modules.predictor | 贝叶斯推断算法执行完成: 使用60条验证记录, posterior_weight=0.92, beta_alpha=0.80
20:11:32 | INFO     | modules.predictor | 贝叶斯推断算法执行完成: 使用60条验证记录, posterior_weight=0.92, beta_alpha=0.80
20:11:32 | INFO     | modules.predictor | 贝叶斯推断算法执行完成: 使用60条验证记录, posterior_weight=0.92, beta_alpha=0.80
20:11:32 | INFO     | modules.evolution_tuner | [DeepTuner]   lookback=40: {'tested': 7, 'top1': 8.571, 'top3': 34.286, 'top5': 57.143}
20:11:32 | INFO     | modules.predictor | 贝叶斯推断算法执行完成: 使用60条验证记录, posterior_weight=0.92, beta_alpha=0.80
20:11:32 | INFO     | modules.predictor | 贝叶斯推断算法执行完成: 使用60条验证记录, posterior_weight=0.92, beta_alpha=0.80
20:11:32 | INFO     | modules.predictor | 贝叶斯推断算法执行完成: 使用60条验证记录, posterior_weight=0.92, beta_alpha=0.80
20:11:32 | INFO     | modules.predictor | 贝叶斯推断算法执行完成: 使用60条验证记录, posterior_weight=0.92, beta_alpha=0.80
20:11:32 | INFO     | modules.predictor | 贝叶斯推断算法执行完成: 使用60条验证记录, posterior_weight=0.92, beta_alpha=0.80
20:11:32 | INFO     | modules.predictor | 贝叶斯推断算法执行完成: 使用60条验证记录, posterior_weight=0.92, beta_alpha=0.80
20:11:32 | INFO     | modules.predictor | 贝叶斯推断算法执行完成: 使用60条验证记录, posterior_weight=0.92, beta_alpha=0.80
20:11:32 | INFO     | modules.evolution_tuner | [DeepTuner]   lookback=80: {'tested': 7, 'top1': 8.571, 'top3': 34.286, 'top5': 57.143}
20:11:32 | INFO     | modules.evolution_tuner | [DeepTuner] 调优完成: 总候选=32, 缓存命中=140, 缓存未命中=21, 耗时=622.1ms, 优化=True
20:11:32 | INFO     | modules.self_evolution | [self_evolution] 深度调优结果: 候选=32, 缓存命中=140, 耗时=622.1ms, improved=True, Top3=34.286%
20:11:32 | INFO     | modules.self_evolution | [self_evolution] 开始 ML 单次重训评估（样本量=1067 >= 61）
20:11:32 | INFO     | modules.ml_predictor | [ml_predictor] _parse_history 返回: issues=1066, digits 类型=dict, hezhi=1066
20:11:32 | INFO     | modules.ml_predictor | [ml_predictor] wan 位: y_seq 类型=list, 长度=1066, 前5项=[8, 4, 2, 7, 5]
20:12:39 | INFO     | modules.ml_predictor | [ml_predictor] qian 位: y_seq 类型=list, 长度=1066, 前5项=[0, 2, 7, 9, 6]
20:13:38 | INFO     | modules.ml_predictor | [ml_predictor] bai 位: y_seq 类型=list, 长度=1066, 前5项=[5, 4, 0, 8, 2]
20:14:42 | INFO     | modules.ml_predictor | [ml_predictor] shi 位: y_seq 类型=list, 长度=1066, 前5项=[3, 8, 6, 8, 3]
20:15:43 | INFO     | modules.ml_predictor | [ml_predictor] ge 位: y_seq 类型=list, 长度=1066, 前5项=[7, 5, 6, 6, 1]
20:16:46 | INFO     | modules.ml_predictor | [ml_predictor] 多源监督模型预测完成（目标期 None）。
Process SpawnPoolWorker-1:
Traceback (most recent call last):
  File "D:\anaconda3\Lib\multiprocessing\pool.py", line 131, in worker
    put((job, i, result))
    ~~~^^^^^^^^^^^^^^^^^^
  File "D:\anaconda3\Lib\multiprocessing\queues.py", line 394, in put
    self._writer.send_bytes(obj)
    ~~~~~~~~~~~~~~~~~~~~~~~^^^^^
  File "D:\anaconda3\Lib\multiprocessing\connection.py", line 200, in send_bytes
    self._send_bytes(m[offset:offset + size])
    ~~~~~~~~~~~~~~~~^^^^^^^^^^^^^^^^^^^^^^^^^
  File "D:\anaconda3\Lib\multiprocessing\connection.py", line 289, in _send_bytes
    ov, err = _winapi.WriteFile(self._handle, buf, overlapped=True)
              ~~~~~~~~~~~~~~~~~^^^^^^^^^^^^^^^^^^^^^^^^^^^^^^^^^^^^
BrokenPipeError: [WinError 232] 管道正在被关闭。

During handling of the above exception, another exception occurred:

Traceback (most recent call last):
  File "D:\anaconda3\Lib\multiprocessing\process.py", line 313, in _bootstrap
    self.run()
    ~~~~~~~~^^
  File "D:\anaconda3\Lib\multiprocessing\process.py", line 108, in run
    self._target(*self._args, **self._kwargs)
    ~~~~~~~~~~~~^^^^^^^^^^^^^^^^^^^^^^^^^^^^^
  File "D:\anaconda3\Lib\multiprocessing\pool.py", line 136, in worker
    put((job, i, (False, wrapped)))
    ~~~^^^^^^^^^^^^^^^^^^^^^^^^^^^^
  File "D:\anaconda3\Lib\multiprocessing\queues.py", line 394, in put
    self._writer.send_bytes(obj)
    ~~~~~~~~~~~~~~~~~~~~~~~^^^^^
  File "D:\anaconda3\Lib\multiprocessing\connection.py", line 200, in send_bytes
    self._send_bytes(m[offset:offset + size])
    ~~~~~~~~~~~~~~~~^^^^^^^^^^^^^^^^^^^^^^^^^
  File "D:\anaconda3\Lib\multiprocessing\connection.py", line 289, in _send_bytes
    ov, err = _winapi.WriteFile(self._handle, buf, overlapped=True)
              ~~~~~~~~~~~~~~~~~^^^^^^^^^^^^^^^^^^^^^^^^^^^^^^^^^^^^
BrokenPipeError: [WinError 232] 管道正在被关闭。
