[DLL固定] 检测到项目目录: D:\PythonProject\KP-AI-FENGSHUI
[DLL固定] 检测到项目目录: D:\PythonProject\KP-AI-FENGSHUI
